[1/30] BTCUSDT ...
    klines: 2423 rows, 2020-01-01 00:00:00+00:00 to 2026-08-19 00:00:00+00:00
    funding: 7267 rows
[2/30] ETHUSDT ...
    klines: 2423 rows, 2020-01-01 00:00:00+00:00 to 2026-08-19 00:00:00+00:00
    funding: 7267 rows
[3/30] SOLUSDT ...
    klines: 2166 rows, 2020-09-14 00:00:00+00:00 to 2026-08-19 00:00:00+00:00
    funding: 6572 rows
[4/30] BANKUSDT ...
    klines: 489 rows, 2025-04-18 00:00:00+00:00 to 2026-08-19 00:00:00+00:00
    funding: 3027 rows
[5/30] XRPUSDT ...
    klines: 2418 rows, 2020-01-06 00:00:00+00:00 to 2026-08-19 00:00:00+00:00
    funding: 7251 rows
[6/30] ZECUSDT ...
    klines: 2388 rows, 2020-02-05 00:00:00+00:00 to 2026-08-19 00:00:00+00:00
    funding: 7164 rows
[7/30] HYPEUSDT ...
    klines: 447 rows, 2025-05-30 00:00:00+00:00 to 2026-08-19 00:00:00+00:00
    funding: 2674 rows
[8/30] DOGEUSDT ...
    klines: 2232 rows, 2020-07-10 00:00:00+00:00 to 2026-08-19 00:00:00+00:00
    funding: 6693 rows
[9/30] TUTUSDT ...
    klines: 518 rows, 2025-03-20 00:00:00+00:00 to 2026-08-19 00:00:00+00:00
    funding: 3100 rows
[10/30] BNBUSDT ...
    klines: 2383 rows, 2020-02-10 00:00:00+00:00 to 2026-08-19 00:00:00+00:00
    funding: 7146 rows
[11/30] ACEUSDT ...
    klines: 976 rows, 2023-12-18 00:00:00+00:00 to 2026-08-19 00:00:00+00:00
    funding: 6105 rows
[12/30] ADAUSDT ...
    klines: 2393 rows, 2020-01-31 00:00:00+00:00 to 2026-08-19 00:00:00+00:00
    funding: 7211 rows
[13/30] 1000PEPEUSDT ...
    klines: 1203 rows, 2023-05-05 00:00:00+00:00 to 2026-08-19 00:00:00+00:00
    funding: 3605 rows
[14/30] COTIUSDT ...
    klines: 1989 rows, 2021-03-10 00:00:00+00:00 to 2026-08-19 00:00:00+00:00
    funding: 6431 rows
[15/30] HEIUSDT ...
    klines: 553 rows, 2025-02-13 00:00:00+00:00 to 2026-08-19 00:00:00+00:00
    funding: 3324 rows
[16/30] WLDUSDT ...
    klines: 1123 rows, 2023-07-24 00:00:00+00:00 to 2026-08-19 00:00:00+00:00
    funding: 3365 rows
[17/30] LINKUSDT ...
    klines: 2407 rows, 2020-01-17 00:00:00+00:00 to 2026-08-19 00:00:00+00:00
    funding: 7218 rows
[18/30] PUMPUSDT ...
    klines: 406 rows, 2025-07-10 00:00:00+00:00 to 2026-08-19 00:00:00+00:00
    funding: 2836 rows
[19/30] BICOUSDT ...
    klines: 1057 rows, 2023-09-28 00:00:00+00:00 to 2026-08-19 00:00:00+00:00
    funding: 3168 rows
[20/30] SUIUSDT ...
    klines: 1205 rows, 2023-05-03 00:00:00+00:00 to 2026-08-19 00:00:00+00:00
    funding: 3611 rows
[21/30] KAITOUSDT ...
    klines: 546 rows, 2025-02-20 00:00:00+00:00 to 2026-08-19 00:00:00+00:00
    funding: 3267 rows
[22/30] NEARUSDT ...
    klines: 2135 rows, 2020-10-15 00:00:00+00:00 to 2026-08-19 00:00:00+00:00
    funding: 6404 rows
[23/30] PAXGUSDT ...
    klines: 511 rows, 2025-03-27 00:00:00+00:00 to 2026-08-19 00:00:00+00:00
    funding: 3059 rows
[24/30] HOMEUSDT ...
    klines: 436 rows, 2025-06-10 00:00:00+00:00 to 2026-08-19 00:00:00+00:00
    funding: 2953 rows
[25/30] UNIUSDT ...
    klines: 2162 rows, 2020-09-18 00:00:00+00:00 to 2026-08-19 00:00:00+00:00
    funding: 6486 rows
[26/30] 1000RATSUSDT ...
    klines: 979 rows, 2023-12-15 00:00:00+00:00 to 2026-08-19 00:00:00+00:00
    funding: 5865 rows
[27/30] 1000SHIBUSDT ...
    klines: 1928 rows, 2021-05-10 00:00:00+00:00 to 2026-08-19 00:00:00+00:00
    funding: 5780 rows
[28/30] ENAUSDT ...
    klines: 870 rows, 2024-04-02 00:00:00+00:00 to 2026-08-19 00:00:00+00:00
    funding: 5211 rows
[29/30] ONDOUSDT ...
    klines: 943 rows, 2024-01-20 00:00:00+00:00 to 2026-08-19 00:00:00+00:00
    funding: 5649 rows
[30/30] AVAXUSDT ...
    klines: 2157 rows, 2020-09-23 00:00:00+00:00 to 2026-08-19 00:00:00+00:00
    funding: 6470 rows

Backfill complete.
