=== Wed 19 Aug 06:30:20 UTC 2026 ===
BTCUSDT: +0 klines, +0 funding
ETHUSDT: +0 klines, +0 funding
SOLUSDT: +0 klines, +0 funding
BANKUSDT: +0 klines, +0 funding
XRPUSDT: +0 klines, +0 funding
ZECUSDT: +0 klines, +0 funding
HYPEUSDT: +0 klines, +0 funding
DOGEUSDT: +0 klines, +0 funding
TUTUSDT: +0 klines, +0 funding
BNBUSDT: +0 klines, +0 funding
ACEUSDT: +0 klines, +0 funding
ADAUSDT: +0 klines, +0 funding
1000PEPEUSDT: +0 klines, +0 funding
COTIUSDT: +0 klines, +0 funding
HEIUSDT: +0 klines, +0 funding
WLDUSDT: +0 klines, +0 funding
LINKUSDT: +0 klines, +0 funding
PUMPUSDT: +0 klines, +0 funding
BICOUSDT: +0 klines, +0 funding
SUIUSDT: +0 klines, +0 funding
KAITOUSDT: +0 klines, +0 funding
NEARUSDT: +0 klines, +0 funding
PAXGUSDT: +0 klines, +0 funding
HOMEUSDT: +0 klines, +0 funding
UNIUSDT: +0 klines, +0 funding
1000RATSUSDT: +0 klines, +0 funding
1000SHIBUSDT: +0 klines, +0 funding
ENAUSDT: +0 klines, +0 funding
ONDOUSDT: +0 klines, +0 funding
AVAXUSDT: +0 klines, +0 funding
SKIP: signal for 2026-08-19 already published. Not duplicating.
dashboard: nothing to sync
=== Wed Aug 19 08:10:01 AM UTC 2026 ===
BTCUSDT: +0 klines, +1 funding
ETHUSDT: +0 klines, +1 funding
SOLUSDT: +0 klines, +1 funding
BANKUSDT: +0 klines, +1 funding
XRPUSDT: +0 klines, +1 funding
ZECUSDT: +0 klines, +1 funding
HYPEUSDT: +0 klines, +1 funding
DOGEUSDT: +0 klines, +1 funding
TUTUSDT: +0 klines, +1 funding
BNBUSDT: +0 klines, +1 funding
ACEUSDT: +0 klines, +1 funding
ADAUSDT: +0 klines, +1 funding
1000PEPEUSDT: +0 klines, +1 funding
COTIUSDT: +0 klines, +2 funding
HEIUSDT: +0 klines, +1 funding
WLDUSDT: +0 klines, +1 funding
LINKUSDT: +0 klines, +1 funding
PUMPUSDT: +0 klines, +1 funding
BICOUSDT: +0 klines, +1 funding
SUIUSDT: +0 klines, +1 funding
KAITOUSDT: +0 klines, +1 funding
NEARUSDT: +0 klines, +1 funding
PAXGUSDT: +0 klines, +1 funding
HOMEUSDT: +0 klines, +1 funding
UNIUSDT: +0 klines, +1 funding
1000RATSUSDT: +0 klines, +1 funding
1000SHIBUSDT: +0 klines, +1 funding
ENAUSDT: +0 klines, +1 funding
ONDOUSDT: +0 klines, +1 funding
AVAXUSDT: +0 klines, +1 funding
SKIP: signal for 2026-08-19 already published. Not duplicating.
dashboard: nothing to sync
